// Jest Snapshot v1, https://goo.gl/fbAQLP

exports[`Pruebas en HomeScreen debe renderizarse correctamente 1`] = `
<div>
  <h1>
    Home screen
  </h1>
  <hr />
  <pre>
    {
   "name": "Ziggy",
   "email": "stardust@spiders.mars"
}
  </pre>
</div>
`;
