// Jest Snapshot v1, https://goo.gl/fbAQLP

exports[`Pruebas en LoginScreen debe renderizarse correctamente 1`] = `"wrapper"`;
