// Jest Snapshot v1, https://goo.gl/fbAQLP

exports[`Pruebas en RealExampleUseRef debe mostrarse correctamente 1`] = `
<div>
  <h1>
    Caso de uso real del useRef
  </h1>
  <hr />
  <button
    className="bt btn-primary mt-5"
    onClick={[Function]}
  >
    Show/Hide
  </button>
</div>
`;
